#
# There is insufficient memory for the Java Runtime Environment to continue.
# Native memory allocation (mmap) failed to map 102760448 bytes for G1 virtual space
# Possible reasons:
#   The system is out of physical RAM or swap space
#   The process is running with CompressedOops enabled, and the Java Heap may be blocking the growth of the native heap
# Possible solutions:
#   Reduce memory load on the system
#   Increase physical memory or swap space
#   Check if swap backing store is full
#   Decrease Java heap size (-Xmx/-Xms)
#   Decrease number of Java threads
#   Decrease Java thread stack sizes (-Xss)
#   Set larger code cache with -XX:ReservedCodeCacheSize=
#   JVM is running with Zero Based Compressed Oops mode in which the Java heap is
#     placed in the first 32GB address space. The Java Heap base address is the
#     maximum limit for the native heap growth. Please use -XX:HeapBaseMinAddress
#     to set the Java Heap base and to place the Java Heap above 32GB virtual address.
# This output file may be truncated or incomplete.
#
#  Out of Memory Error (os_windows.cpp:3551), pid=32604, tid=5796
#
# JRE version: Java(TM) SE Runtime Environment (17.0.15+9) (build 17.0.15+9-LTS-241)
# Java VM: Java HotSpot(TM) 64-Bit Server VM (17.0.15+9-LTS-241, mixed mode, emulated-client, sharing, tiered, compressed oops, compressed class ptrs, g1 gc, windows-amd64)
# No core dump will be written. Minidumps are not enabled by default on client versions of Windows
#

---------------  S U M M A R Y ------------

Command Line: -XX:TieredStopAtLevel=1 -Dspring.output.ansi.enabled=always -Dcom.sun.management.jmxremote -Dspring.jmx.enabled=true -Dspring.liveBeansView.mbeanDomain -Dspring.application.admin.enabled=true -javaagent:D:\program\IntelliJ IDEA 2022.2.5\lib\idea_rt.jar=51049:D:\program\IntelliJ IDEA 2022.2.5\bin -Dfile.encoding=UTF-8 com.team.MainSpringBootApplication

Host: AMD Ryzen 5 6600H with Radeon Graphics         , 12 cores, 15G,  Windows 11 , 64 bit Build 26100 (10.0.26100.6725)
Time: Wed Oct 29 15:42:41 2025  Windows 11 , 64 bit Build 26100 (10.0.26100.6725) elapsed time: 22.916631 seconds (0d 0h 0m 22s)

---------------  T H R E A D  ---------------

Current thread (0x000002c7cf9fd6d0):  VMThread "VM Thread" [stack: 0x000000dc72400000,0x000000dc72500000] [id=5796]

Stack: [0x000000dc72400000,0x000000dc72500000]
Native frames: (J=compiled Java code, j=interpreted, Vv=VM code, C=native code)
V  [jvm.dll+0x67a46a]
V  [jvm.dll+0x7da6ad]
V  [jvm.dll+0x7dbff3]
V  [jvm.dll+0x7dc663]
V  [jvm.dll+0x24523f]
V  [jvm.dll+0x677499]
V  [jvm.dll+0x66c122]
V  [jvm.dll+0x302156]
V  [jvm.dll+0x3096f6]
V  [jvm.dll+0x35a04e]
V  [jvm.dll+0x35a27f]
V  [jvm.dll+0x2d9228]
V  [jvm.dll+0x2d765d]
V  [jvm.dll+0x2d6cac]
V  [jvm.dll+0x31a80b]
V  [jvm.dll+0x7e0f5b]
V  [jvm.dll+0x7e1c94]
V  [jvm.dll+0x7e21ad]
V  [jvm.dll+0x7e2584]
V  [jvm.dll+0x7e2650]
V  [jvm.dll+0x78b0ba]
V  [jvm.dll+0x679355]
C  [ucrtbase.dll+0x37b0]
C  [KERNEL32.DLL+0x2e8d7]
C  [ntdll.dll+0x8c53c]

VM_Operation (0x000000dc72efc280): G1CollectForAllocation, mode: safepoint, requested by thread 0x000002c815fdab10


---------------  P R O C E S S  ---------------

Threads class SMR info:
_java_thread_list=0x000002c8165f4c40, length=27, elements={
0x000002c7cfa04c10, 0x000002c7cfa06130, 0x000002c7cfa226d0, 0x000002c7cfa23080,
0x000002c7cfa265b0, 0x000002c7cfa27ad0, 0x000002c7cfa290a0, 0x000002c7cfa329c0,
0x000002c7cf48d760, 0x000002c8150483d0, 0x000002c81504a770, 0x000002c815208c80,
0x000002c81567e840, 0x000002c815cd0aa0, 0x000002c8161cf7a0, 0x000002c8161c7940,
0x000002c8161ecaf0, 0x000002c815fd9300, 0x000002c815fd8960, 0x000002c815fdafe0,
0x000002c815fdb4b0, 0x000002c815fd8e30, 0x000002c815fd9ca0, 0x000002c815fdb980,
0x000002c815fdbe50, 0x000002c815fd97d0, 0x000002c815fdab10
}

Java Threads: ( => current thread )
  0x000002c7cfa04c10 JavaThread "Reference Handler" daemon [_thread_blocked, id=36840, stack(0x000000dc72500000,0x000000dc72600000)]
  0x000002c7cfa06130 JavaThread "Finalizer" daemon [_thread_blocked, id=38684, stack(0x000000dc72600000,0x000000dc72700000)]
  0x000002c7cfa226d0 JavaThread "Signal Dispatcher" daemon [_thread_blocked, id=45016, stack(0x000000dc72700000,0x000000dc72800000)]
  0x000002c7cfa23080 JavaThread "Attach Listener" daemon [_thread_blocked, id=44396, stack(0x000000dc72800000,0x000000dc72900000)]
  0x000002c7cfa265b0 JavaThread "Service Thread" daemon [_thread_blocked, id=44620, stack(0x000000dc72900000,0x000000dc72a00000)]
  0x000002c7cfa27ad0 JavaThread "Monitor Deflation Thread" daemon [_thread_blocked, id=38172, stack(0x000000dc72a00000,0x000000dc72b00000)]
  0x000002c7cfa290a0 JavaThread "C1 CompilerThread0" daemon [_thread_blocked, id=7396, stack(0x000000dc72b00000,0x000000dc72c00000)]
  0x000002c7cfa329c0 JavaThread "Sweeper thread" daemon [_thread_blocked, id=32608, stack(0x000000dc72c00000,0x000000dc72d00000)]
  0x000002c7cf48d760 JavaThread "Common-Cleaner" daemon [_thread_blocked, id=32980, stack(0x000000dc72d00000,0x000000dc72e00000)]
  0x000002c8150483d0 JavaThread "Monitor Ctrl-Break" daemon [_thread_in_native, id=19044, stack(0x000000dc73100000,0x000000dc73200000)]
  0x000002c81504a770 JavaThread "Notification Thread" daemon [_thread_blocked, id=45772, stack(0x000000dc73200000,0x000000dc73300000)]
  0x000002c815208c80 JavaThread "RMI TCP Accept-0" daemon [_thread_in_native, id=31524, stack(0x000000dc73300000,0x000000dc73400000)]
  0x000002c81567e840 JavaThread "RMI TCP Connection(3)-192.168.43.209" daemon [_thread_in_native, id=26072, stack(0x000000dc73d00000,0x000000dc73e00000)]
  0x000002c815cd0aa0 JavaThread "RMI Scheduler(0)" daemon [_thread_blocked, id=40336, stack(0x000000dc73f00000,0x000000dc74000000)]
  0x000002c8161cf7a0 JavaThread "Catalina-utility-1" [_thread_blocked, id=44060, stack(0x000000dc74200000,0x000000dc74300000)]
  0x000002c8161c7940 JavaThread "Catalina-utility-2" [_thread_blocked, id=41144, stack(0x000000dc74300000,0x000000dc74400000)]
  0x000002c8161ecaf0 JavaThread "container-0" [_thread_blocked, id=41748, stack(0x000000dc74400000,0x000000dc74500000)]
  0x000002c815fd9300 JavaThread "Abandoned connection cleanup thread" daemon [_thread_blocked, id=40036, stack(0x000000dc74500000,0x000000dc74600000)]
  0x000002c815fd8960 JavaThread "http-nio-8080-Poller" daemon [_thread_blocked, id=43048, stack(0x000000dc74600000,0x000000dc74700000)]
  0x000002c815fdafe0 JavaThread "http-nio-8080-Acceptor" daemon [_thread_in_native, id=25568, stack(0x000000dc74700000,0x000000dc74800000)]
  0x000002c815fdb4b0 JavaThread "AMQP Connection 192.168.111.100:5672" [_thread_in_native, id=2776, stack(0x000000dc74900000,0x000000dc74a00000)]
  0x000002c815fd8e30 JavaThread "pool-1-thread-2" [_thread_blocked, id=23580, stack(0x000000dc74a00000,0x000000dc74b00000)]
  0x000002c815fd9ca0 JavaThread "org.springframework.amqp.rabbit.RabbitListenerEndpointContainer#0-1" [_thread_blocked, id=40780, stack(0x000000dc74b00000,0x000000dc74c00000)]
  0x000002c815fdb980 JavaThread "pool-1-thread-3" [_thread_blocked, id=35256, stack(0x000000dc74c00000,0x000000dc74d00000)]
  0x000002c815fdbe50 JavaThread "DestroyJavaVM" [_thread_blocked, id=20704, stack(0x000000dc71e00000,0x000000dc71f00000)]
  0x000002c815fd97d0 JavaThread "RMI TCP Connection(idle)" daemon [_thread_blocked, id=2716, stack(0x000000dc74d00000,0x000000dc74e00000)]
  0x000002c815fdab10 JavaThread "http-nio-8080-exec-1" daemon [_thread_blocked, id=20180, stack(0x000000dc72e00000,0x000000dc72f00000)]

Other Threads:
=>0x000002c7cf9fd6d0 VMThread "VM Thread" [stack: 0x000000dc72400000,0x000000dc72500000] [id=5796]
  0x000002c815220760 WatcherThread [stack: 0x000000dc73400000,0x000000dc73500000] [id=34360]
  0x000002c7b6f5e750 GCTaskThread "GC Thread#0" [stack: 0x000000dc71f00000,0x000000dc72000000] [id=31620]
  0x000002c8154bd260 GCTaskThread "GC Thread#1" [stack: 0x000000dc73500000,0x000000dc73600000] [id=41272]
  0x000002c8154bd520 GCTaskThread "GC Thread#2" [stack: 0x000000dc73600000,0x000000dc73700000] [id=13328]
  0x000002c8154bd7e0 GCTaskThread "GC Thread#3" [stack: 0x000000dc73700000,0x000000dc73800000] [id=15972]
  0x000002c815522040 GCTaskThread "GC Thread#4" [stack: 0x000000dc73800000,0x000000dc73900000] [id=43600]
  0x000002c81549e050 GCTaskThread "GC Thread#5" [stack: 0x000000dc73900000,0x000000dc73a00000] [id=30640]
  0x000002c815548720 GCTaskThread "GC Thread#6" [stack: 0x000000dc73a00000,0x000000dc73b00000] [id=32556]
  0x000002c8155489e0 GCTaskThread "GC Thread#7" [stack: 0x000000dc73b00000,0x000000dc73c00000] [id=37048]
  0x000002c815548ca0 GCTaskThread "GC Thread#8" [stack: 0x000000dc73c00000,0x000000dc73d00000] [id=21884]
  0x000002c815b4e780 GCTaskThread "GC Thread#9" [stack: 0x000000dc73e00000,0x000000dc73f00000] [id=24000]
  0x000002c7b88a46d0 ConcurrentGCThread "G1 Main Marker" [stack: 0x000000dc72000000,0x000000dc72100000] [id=31096]
  0x000002c7b88a5790 ConcurrentGCThread "G1 Conc#0" [stack: 0x000000dc72100000,0x000000dc72200000] [id=18916]
  0x000002c815f605d0 ConcurrentGCThread "G1 Conc#1" [stack: 0x000000dc74000000,0x000000dc74100000] [id=44092]
  0x000002c815ef5c80 ConcurrentGCThread "G1 Conc#2" [stack: 0x000000dc74100000,0x000000dc74200000] [id=37136]
  0x000002c7b88ed940 ConcurrentGCThread "G1 Refine#0" [stack: 0x000000dc72200000,0x000000dc72300000] [id=22764]
  0x000002c7cf339430 ConcurrentGCThread "G1 Service" [stack: 0x000000dc72300000,0x000000dc72400000] [id=35904]

Threads with active compile tasks:

VM state: at safepoint (normal execution)

VM Mutex/Monitor currently owned by a thread:  ([mutex/lock_event])
[0x000002c7b882c970] Threads_lock - owner thread: 0x000002c7cf9fd6d0
[0x000002c7b882ab10] Heap_lock - owner thread: 0x000002c815fdab10

Heap address: 0x000000070ce00000, size: 3890 MB, Compressed Oops mode: Zero based, Oop shift amount: 3

CDS archive(s) mapped at: [0x000002c7d0000000-0x000002c7d0bd0000-0x000002c7d0bd0000), size 12386304, SharedBaseAddress: 0x000002c7d0000000, ArchiveRelocationMode: 1.
Compressed class space mapped at: 0x000002c7d1000000-0x000002c811000000, reserved size: 1073741824
Narrow klass base: 0x000002c7d0000000, Narrow klass shift: 0, Narrow klass range: 0x100000000

GC Precious Log:
 CPUs: 12 total, 12 available
 Memory: 15556M
 Large Page Support: Disabled
 NUMA Support: Disabled
 Compressed Oops: Enabled (Zero based)
 Heap Region Size: 2M
 Heap Min Capacity: 8M
 Heap Initial Capacity: 244M
 Heap Max Capacity: 3890M
 Pre-touch: Disabled
 Parallel Workers: 10
 Concurrent Workers: 3
 Concurrent Refinement Workers: 10
 Periodic GC: Disabled

Heap:
 garbage-first heap   total 49152K, used 20817K [0x000000070ce00000, 0x0000000800000000)
  region size 2048K, 2 young (4096K), 2 survivors (4096K)
 Metaspace       used 39752K, committed 40192K, reserved 1114112K
  class space    used 5382K, committed 5568K, reserved 1048576K

Heap Regions: E=young(eden), S=young(survivor), O=old, HS=humongous(starts), HC=humongous(continues), CS=collection set, F=free, OA=open archive, CA=closed archive, TAMS=top-at-mark-start (previous, next)
|   0|0x000000070ce00000, 0x000000070d000000, 0x000000070d000000|100%| O|  |TAMS 0x000000070d000000, 0x000000070ce00000| Untracked 
|   1|0x000000070d000000, 0x000000070d200000, 0x000000070d200000|100%| O|  |TAMS 0x000000070d200000, 0x000000070d000000| Untracked 
|   2|0x000000070d200000, 0x000000070d3ee000, 0x000000070d400000| 96%| O|  |TAMS 0x000000070d3ee000, 0x000000070d200000| Untracked 
|   3|0x000000070d400000, 0x000000070d600000, 0x000000070d600000|100%| O|  |TAMS 0x000000070d600000, 0x000000070d400000| Untracked 
|   4|0x000000070d600000, 0x000000070d800000, 0x000000070d800000|100%| O|  |TAMS 0x000000070d800000, 0x000000070d600000| Untracked 
|   5|0x000000070d800000, 0x000000070da00000, 0x000000070da00000|100%| O|  |TAMS 0x000000070d852600, 0x000000070d800000| Untracked 
|   6|0x000000070da00000, 0x000000070dbf5200, 0x000000070dc00000| 97%| O|  |TAMS 0x000000070da00000, 0x000000070da00000| Untracked 
|   7|0x000000070dc00000, 0x000000070dc00000, 0x000000070de00000|  0%| F|  |TAMS 0x000000070dc00000, 0x000000070dc00000| Untracked 
|   8|0x000000070de00000, 0x000000070de00000, 0x000000070e000000|  0%| F|  |TAMS 0x000000070de00000, 0x000000070de00000| Untracked 
|   9|0x000000070e000000, 0x000000070e200000, 0x000000070e200000|100%| O|  |TAMS 0x000000070e200000, 0x000000070e000000| Untracked 
|  10|0x000000070e200000, 0x000000070e400000, 0x000000070e400000|100%| O|  |TAMS 0x000000070e400000, 0x000000070e200000| Untracked 
|  11|0x000000070e400000, 0x000000070e400000, 0x000000070e600000|  0%| F|  |TAMS 0x000000070e400000, 0x000000070e400000| Untracked 
|  12|0x000000070e600000, 0x000000070e600000, 0x000000070e800000|  0%| F|  |TAMS 0x000000070e600000, 0x000000070e600000| Untracked 
|  13|0x000000070e800000, 0x000000070e800000, 0x000000070ea00000|  0%| F|  |TAMS 0x000000070e800000, 0x000000070e800000| Untracked 
|  14|0x000000070ea00000, 0x000000070ea00000, 0x000000070ec00000|  0%| F|  |TAMS 0x000000070ea00000, 0x000000070ea00000| Untracked 
|  15|0x000000070ec00000, 0x000000070ec71360, 0x000000070ee00000| 22%| S|CS|TAMS 0x000000070ec00000, 0x000000070ec00000| Complete 
|  16|0x000000070ee00000, 0x000000070f000000, 0x000000070f000000|100%| S|CS|TAMS 0x000000070ee00000, 0x000000070ee00000| Complete 
|  17|0x000000070f000000, 0x000000070f000000, 0x000000070f200000|  0%| F|  |TAMS 0x000000070f000000, 0x000000070f000000| Untracked 
|  18|0x000000070f200000, 0x000000070f200000, 0x000000070f400000|  0%| F|  |TAMS 0x000000070f200000, 0x000000070f200000| Untracked 
|  19|0x000000070f400000, 0x000000070f400000, 0x000000070f600000|  0%| F|  |TAMS 0x000000070f400000, 0x000000070f400000| Untracked 
|  92|0x0000000718600000, 0x0000000718600000, 0x0000000718800000|  0%| F|  |TAMS 0x0000000718600000, 0x0000000718600000| Untracked 
|  93|0x0000000718800000, 0x0000000718800000, 0x0000000718a00000|  0%| F|  |TAMS 0x0000000718800000, 0x0000000718800000| Untracked 
|  94|0x0000000718a00000, 0x0000000718a00000, 0x0000000718c00000|  0%| F|  |TAMS 0x0000000718a00000, 0x0000000718a00000| Untracked 
| 121|0x000000071c000000, 0x000000071c000000, 0x000000071c200000|  0%| F|  |TAMS 0x000000071c000000, 0x000000071c000000| Untracked 

Card table byte_map: [0x000002c7c4460000,0x000002c7c4c00000] _byte_map_base: 0x000002c7c0bf9000

Marking Bits (Prev, Next): (CMBitMap*) 0x000002c7b8893f20, (CMBitMap*) 0x000002c7b8893f60
 Prev Bits: [0x000002c7c53a0000, 0x000002c7c9068000)
 Next Bits: [0x000002c7c9070000, 0x000002c7ccd38000)

Polling page: 0x000002c7b7010000

Metaspace:

Usage:
  Non-class:     33.56 MB used.
      Class:      5.26 MB used.
       Both:     38.82 MB used.

Virtual space:
  Non-class space:       64.00 MB reserved,      33.81 MB ( 53%) committed,  1 nodes.
      Class space:        1.00 GB reserved,       5.44 MB ( <1%) committed,  1 nodes.
             Both:        1.06 GB reserved,      39.25 MB (  4%) committed. 

Chunk freelists:
   Non-Class:  13.59 MB
       Class:  10.45 MB
        Both:  24.04 MB

MaxMetaspaceSize: unlimited
CompressedClassSpaceSize: 1.00 GB
Initial GC threshold: 21.00 MB
Current GC threshold: 58.75 MB
CDS: on
MetaspaceReclaimPolicy: balanced
 - commit_granule_bytes: 65536.
 - commit_granule_words: 8192.
 - virtual_space_node_default_size: 8388608.
 - enlarge_chunks_in_place: 1.
 - new_chunks_are_fully_committed: 0.
 - uncommit_free_chunks: 1.
 - use_allocation_guard: 0.
 - handle_deallocations: 1.


Internal statistics:

num_allocs_failed_limit: 6.
num_arena_births: 508.
num_arena_deaths: 0.
num_vsnodes_births: 2.
num_vsnodes_deaths: 0.
num_space_committed: 628.
num_space_uncommitted: 0.
num_chunks_returned_to_freelist: 6.
num_chunks_taken_from_freelist: 1806.
num_chunk_merges: 6.
num_chunk_splits: 1202.
num_chunks_enlarged: 847.
num_inconsistent_stats: 0.

CodeCache: size=49152Kb used=8474Kb max_used=10159Kb free=40678Kb
 bounds [0x000002c7c0210000, 0x000002c7c0c00000, 0x000002c7c3210000]
 total_blobs=5110 nmethods=4540 adapters=497
 compilation: enabled
              stopped_count=0, restarted_count=0
 full_count=0

Compilation events (20 events):
Event: 5.269 Thread 0x000002c7cfa290a0 4532       1       java.io.ObjectInputStream$BlockDataInputStream::readUTF (10 bytes)
Event: 5.269 Thread 0x000002c7cfb31460 4533       1       java.io.ObjectInputStream$BlockDataInputStream::readUnsignedShort (76 bytes)
Event: 5.269 Thread 0x000002c7cf48dda0 4534       1       java.io.ObjectInputStream$BlockDataInputStream::readUTFBody (192 bytes)
Event: 5.269 Thread 0x000002c7cfb1ef60 4535       1       java.io.ObjectInputStream$HandleTable::assign (48 bytes)
Event: 5.269 Thread 0x000002c7cfa290a0 nmethod 4532 0x000002c7c0bf5210 code [0x000002c7c0bf53c0, 0x000002c7c0bf54b8]
Event: 5.269 Thread 0x000002c7cfa290a0 4536       1       java.io.ObjectInputStream$HandleTable::finish (111 bytes)
Event: 5.269 Thread 0x000002c7cfb31460 nmethod 4533 0x000002c7c0bf5590 code [0x000002c7c0bf5740, 0x000002c7c0bf5938]
Event: 5.269 Thread 0x000002c7cfb31460 4537   !   1       java.io.ObjectInputStream::readObject0 (681 bytes)
Event: 5.269 Thread 0x000002c7cfb1ef60 nmethod 4535 0x000002c7c0bf5a90 code [0x000002c7c0bf5c40, 0x000002c7c0bf5e88]
Event: 5.269 Thread 0x000002c7cfb1ef60 4538       1       java.io.ObjectInputStream$HandleTable::markDependency (175 bytes)
Event: 5.269 Thread 0x000002c7cfa290a0 nmethod 4536 0x000002c7c0bf6010 code [0x000002c7c0bf61c0, 0x000002c7c0bf6468]
Event: 5.269 Thread 0x000002c7cfa290a0 4539       1       java.io.ObjectStreamClass$FieldReflectorKey::hashCode (5 bytes)
Event: 5.270 Thread 0x000002c7cfa290a0 nmethod 4539 0x000002c7c0bf6610 code [0x000002c7c0bf67a0, 0x000002c7c0bf6878]
Event: 5.270 Thread 0x000002c7cf48dda0 nmethod 4534 0x000002c7c0bf6910 code [0x000002c7c0bf6b20, 0x000002c7c0bf7178]
Event: 5.270 Thread 0x000002c7cfb1ef60 nmethod 4538 0x000002c7c0bf7410 code [0x000002c7c0bf7620, 0x000002c7c0bf7c08]
Event: 5.271 Thread 0x000002c7cfb31460 nmethod 4537 0x000002c7c0bf7f10 code [0x000002c7c0bf84e0, 0x000002c7c0bfa148]
Event: 6.102 Thread 0x000002c7cfb31460 4540       1       java.util.concurrent.TimeUnit::toNanos (45 bytes)
Event: 6.102 Thread 0x000002c7cfb31460 nmethod 4540 0x000002c7c0bfb890 code [0x000002c7c0bfba40, 0x000002c7c0bfbbd8]
Event: 7.255 Thread 0x000002c7cfa290a0 4541       1       java.lang.ClassLoader::getResource (41 bytes)
Event: 7.255 Thread 0x000002c7cfa290a0 nmethod 4541 0x000002c7c0447010 code [0x000002c7c04471e0, 0x000002c7c04473f8]

GC Heap History (19 events):
Event: 0.742 GC heap before
{Heap before GC invocations=0 (full 0):
 garbage-first heap   total 249856K, used 22528K [0x000000070ce00000, 0x0000000800000000)
  region size 2048K, 11 young (22528K), 0 survivors (0K)
 Metaspace       used 7354K, committed 7552K, reserved 1114112K
  class space    used 924K, committed 1024K, reserved 1048576K
}
Event: 0.746 GC heap after
{Heap after GC invocations=1 (full 0):
 garbage-first heap   total 249856K, used 5968K [0x000000070ce00000, 0x0000000800000000)
  region size 2048K, 2 young (4096K), 2 survivors (4096K)
 Metaspace       used 7354K, committed 7552K, reserved 1114112K
  class space    used 924K, committed 1024K, reserved 1048576K
}
Event: 1.046 GC heap before
{Heap before GC invocations=1 (full 0):
 garbage-first heap   total 249856K, used 28496K [0x000000070ce00000, 0x0000000800000000)
  region size 2048K, 14 young (28672K), 2 survivors (4096K)
 Metaspace       used 12987K, committed 13248K, reserved 1114112K
  class space    used 1747K, committed 1856K, reserved 1048576K
}
Event: 1.050 GC heap after
{Heap after GC invocations=2 (full 0):
 garbage-first heap   total 249856K, used 8071K [0x000000070ce00000, 0x0000000800000000)
  region size 2048K, 1 young (2048K), 1 survivors (2048K)
 Metaspace       used 12987K, committed 13248K, reserved 1114112K
  class space    used 1747K, committed 1856K, reserved 1048576K
}
Event: 1.696 GC heap before
{Heap before GC invocations=2 (full 0):
 garbage-first heap   total 249856K, used 59271K [0x000000070ce00000, 0x0000000800000000)
  region size 2048K, 27 young (55296K), 1 survivors (2048K)
 Metaspace       used 21218K, committed 21504K, reserved 1114112K
  class space    used 2860K, committed 3008K, reserved 1048576K
}
Event: 1.700 GC heap after
{Heap after GC invocations=3 (full 0):
 garbage-first heap   total 249856K, used 11409K [0x000000070ce00000, 0x0000000800000000)
  region size 2048K, 3 young (6144K), 3 survivors (6144K)
 Metaspace       used 21218K, committed 21504K, reserved 1114112K
  class space    used 2860K, committed 3008K, reserved 1048576K
}
Event: 2.020 GC heap before
{Heap before GC invocations=4 (full 0):
 garbage-first heap   total 49152K, used 33937K [0x000000070ce00000, 0x0000000800000000)
  region size 2048K, 15 young (30720K), 3 survivors (6144K)
 Metaspace       used 24826K, committed 25216K, reserved 1114112K
  class space    used 3389K, committed 3584K, reserved 1048576K
}
Event: 2.027 GC heap after
{Heap after GC invocations=5 (full 0):
 garbage-first heap   total 49152K, used 13645K [0x000000070ce00000, 0x0000000800000000)
  region size 2048K, 4 young (8192K), 4 survivors (8192K)
 Metaspace       used 24826K, committed 25216K, reserved 1114112K
  class space    used 3389K, committed 3584K, reserved 1048576K
}
Event: 2.287 GC heap before
{Heap before GC invocations=5 (full 0):
 garbage-first heap   total 49152K, used 32077K [0x000000070ce00000, 0x0000000800000000)
  region size 2048K, 13 young (26624K), 4 survivors (8192K)
 Metaspace       used 27184K, committed 27520K, reserved 1114112K
  class space    used 3698K, committed 3840K, reserved 1048576K
}
Event: 2.292 GC heap after
{Heap after GC invocations=6 (full 0):
 garbage-first heap   total 49152K, used 15079K [0x000000070ce00000, 0x0000000800000000)
  region size 2048K, 1 young (2048K), 1 survivors (2048K)
 Metaspace       used 27184K, committed 27520K, reserved 1114112K
  class space    used 3698K, committed 3840K, reserved 1048576K
}
Event: 2.609 GC heap before
{Heap before GC invocations=6 (full 0):
 garbage-first heap   total 49152K, used 33511K [0x000000070ce00000, 0x0000000800000000)
  region size 2048K, 10 young (20480K), 1 survivors (2048K)
 Metaspace       used 32774K, committed 33152K, reserved 1114112K
  class space    used 4392K, committed 4544K, reserved 1048576K
}
Event: 2.611 GC heap after
{Heap after GC invocations=7 (full 0):
 garbage-first heap   total 49152K, used 16653K [0x000000070ce00000, 0x0000000800000000)
  region size 2048K, 2 young (4096K), 2 survivors (4096K)
 Metaspace       used 32774K, committed 33152K, reserved 1114112K
  class space    used 4392K, committed 4544K, reserved 1048576K
}
Event: 2.830 GC heap before
{Heap before GC invocations=7 (full 0):
 garbage-first heap   total 49152K, used 33037K [0x000000070ce00000, 0x0000000800000000)
  region size 2048K, 10 young (20480K), 2 survivors (4096K)
 Metaspace       used 35605K, committed 35968K, reserved 1114112K
  class space    used 4771K, committed 4928K, reserved 1048576K
}
Event: 2.832 GC heap after
{Heap after GC invocations=8 (full 0):
 garbage-first heap   total 49152K, used 18570K [0x000000070ce00000, 0x0000000800000000)
  region size 2048K, 2 young (4096K), 2 survivors (4096K)
 Metaspace       used 35605K, committed 35968K, reserved 1114112K
  class space    used 4771K, committed 4928K, reserved 1048576K
}
Event: 2.838 GC heap before
{Heap before GC invocations=8 (full 0):
 garbage-first heap   total 49152K, used 18570K [0x000000070ce00000, 0x0000000800000000)
  region size 2048K, 3 young (6144K), 2 survivors (4096K)
 Metaspace       used 35644K, committed 35968K, reserved 1114112K
  class space    used 4780K, committed 4928K, reserved 1048576K
}
Event: 2.840 GC heap after
{Heap after GC invocations=9 (full 0):
 garbage-first heap   total 49152K, used 18640K [0x000000070ce00000, 0x0000000800000000)
  region size 2048K, 2 young (4096K), 2 survivors (4096K)
 Metaspace       used 35644K, committed 35968K, reserved 1114112K
  class space    used 4780K, committed 4928K, reserved 1048576K
}
Event: 3.001 GC heap before
{Heap before GC invocations=10 (full 0):
 garbage-first heap   total 49152K, used 32976K [0x000000070ce00000, 0x0000000800000000)
  region size 2048K, 9 young (18432K), 2 survivors (4096K)
 Metaspace       used 37391K, committed 37760K, reserved 1114112K
  class space    used 5035K, committed 5184K, reserved 1048576K
}
Event: 3.003 GC heap after
{Heap after GC invocations=11 (full 0):
 garbage-first heap   total 49152K, used 20174K [0x000000070ce00000, 0x0000000800000000)
  region size 2048K, 2 young (4096K), 2 survivors (4096K)
 Metaspace       used 37391K, committed 37760K, reserved 1114112K
  class space    used 5035K, committed 5184K, reserved 1048576K
}
Event: 20.909 GC heap before
{Heap before GC invocations=11 (full 0):
 garbage-first heap   total 49152K, used 32462K [0x000000070ce00000, 0x0000000800000000)
  region size 2048K, 9 young (18432K), 2 survivors (4096K)
 Metaspace       used 39752K, committed 40192K, reserved 1114112K
  class space    used 5382K, committed 5568K, reserved 1048576K
}

Deoptimization events (8 events):
Event: 2.191 Thread 0x000002c7b882fae0 DEOPT PACKING pc=0x000002c7c07b0f89 sp=0x000000dc71efec60
Event: 2.191 Thread 0x000002c7b882fae0 DEOPT UNPACKING pc=0x000002c7c0262b43 sp=0x000000dc71efe0f0 mode 3
Event: 2.191 Thread 0x000002c8161c7940 DEOPT PACKING pc=0x000002c7c077e39f sp=0x000000dc743ff330
Event: 2.191 Thread 0x000002c8161c7940 DEOPT UNPACKING pc=0x000002c7c0262b43 sp=0x000000dc743fe788 mode 3
Event: 2.727 Thread 0x000002c7b882fae0 DEOPT PACKING pc=0x000002c7c0790962 sp=0x000000dc71efcbf0
Event: 2.727 Thread 0x000002c7b882fae0 DEOPT UNPACKING pc=0x000002c7c0262b43 sp=0x000000dc71efc0f8 mode 3
Event: 2.727 Thread 0x000002c7b882fae0 DEOPT PACKING pc=0x000002c7c07804dd sp=0x000000dc71efcbb0
Event: 2.727 Thread 0x000002c7b882fae0 DEOPT UNPACKING pc=0x000002c7c0262b43 sp=0x000000dc71efc0f8 mode 3

Classes unloaded (0 events):
No events

Classes redefined (0 events):
No events

Internal exceptions (20 events):
Event: 3.051 Thread 0x000002c7b882fae0 Exception <a 'java/lang/ClassNotFoundException'{0x0000000718886fd0}: org/springframework/amqp/rabbit/connection/ConnectionFactoryCustomizer> (0x0000000718886fd0) 
thrown [s\open\src\hotspot\share\classfile\systemDictionary.cpp, line 256]
Event: 3.051 Thread 0x000002c7b882fae0 Exception <a 'java/lang/ClassNotFoundException'{0x0000000718892010}: org/springframework/beans/factory/DisposableBeanCustomizer> (0x0000000718892010) 
thrown [s\open\src\hotspot\share\classfile\systemDictionary.cpp, line 256]
Event: 3.051 Thread 0x000002c7b882fae0 Exception <a 'java/lang/ClassNotFoundException'{0x00000007188961d0}: org/springframework/beans/factory/BeanNameAwareCustomizer> (0x00000007188961d0) 
thrown [s\open\src\hotspot\share\classfile\systemDictionary.cpp, line 256]
Event: 3.052 Thread 0x000002c7b882fae0 Exception <a 'java/lang/ClassNotFoundException'{0x000000071889a778}: org/springframework/beans/factory/AwareCustomizer> (0x000000071889a778) 
thrown [s\open\src\hotspot\share\classfile\systemDictionary.cpp, line 256]
Event: 3.052 Thread 0x000002c7b882fae0 Exception <a 'java/lang/ClassNotFoundException'{0x000000071889e0d8}: org/springframework/context/ApplicationContextAwareCustomizer> (0x000000071889e0d8) 
thrown [s\open\src\hotspot\share\classfile\systemDictionary.cpp, line 256]
Event: 3.052 Thread 0x000002c7b882fae0 Exception <a 'java/lang/ClassNotFoundException'{0x00000007188a2da8}: org/springframework/beans/factory/AwareCustomizer> (0x00000007188a2da8) 
thrown [s\open\src\hotspot\share\classfile\systemDictionary.cpp, line 256]
Event: 3.052 Thread 0x000002c7b882fae0 Exception <a 'java/lang/ClassNotFoundException'{0x00000007188a6898}: org/springframework/context/ApplicationEventPublisherAwareCustomizer> (0x00000007188a6898) 
thrown [s\open\src\hotspot\share\classfile\systemDictionary.cpp, line 256]
Event: 3.052 Thread 0x000002c7b882fae0 Exception <a 'java/lang/ClassNotFoundException'{0x00000007188ab210}: org/springframework/beans/factory/AwareCustomizer> (0x00000007188ab210) 
thrown [s\open\src\hotspot\share\classfile\systemDictionary.cpp, line 256]
Event: 3.052 Thread 0x000002c7b882fae0 Exception <a 'java/lang/ClassNotFoundException'{0x00000007188aeb68}: org/springframework/context/ApplicationListenerCustomizer> (0x00000007188aeb68) 
thrown [s\open\src\hotspot\share\classfile\systemDictionary.cpp, line 256]
Event: 3.052 Thread 0x000002c7b882fae0 Exception <a 'java/lang/ClassNotFoundException'{0x00000007188b10b8}: java/util/EventListenerCustomizer> (0x00000007188b10b8) 
thrown [s\open\src\hotspot\share\classfile\systemDictionary.cpp, line 256]
Event: 3.052 Thread 0x000002c7b882fae0 Exception <a 'java/lang/ClassNotFoundException'{0x00000007188b4708}: com/rabbitmq/client/ShutdownListenerCustomizer> (0x00000007188b4708) 
thrown [s\open\src\hotspot\share\classfile\systemDictionary.cpp, line 256]
Event: 3.052 Thread 0x000002c7b882fae0 Exception <a 'java/lang/ClassNotFoundException'{0x00000007188b5e10}: java/util/EventListenerCustomizer> (0x00000007188b5e10) 
thrown [s\open\src\hotspot\share\classfile\systemDictionary.cpp, line 256]
Event: 3.061 Thread 0x000002c7b882fae0 Exception <a 'java/lang/IncompatibleClassChangeError'{0x000000071895eae8}: Found class java.lang.Object, but interface was expected> (0x000000071895eae8) 
thrown [s\open\src\hotspot\share\interpreter\linkResolver.cpp, line 826]
Event: 3.070 Thread 0x000002c7b882fae0 Exception <a 'java/lang/NoSuchMethodError'{0x000000071862b160}: 'void java.lang.invoke.DirectMethodHandle$Holder.invokeSpecial(java.lang.Object, java.lang.Object, long)'> (0x000000071862b160) 
thrown [s\open\src\hotspot\share\interpreter\linkResolver.cpp, line 759]
Event: 3.071 Thread 0x000002c7b882fae0 Exception <a 'java/lang/NoSuchMethodError'{0x0000000718634d98}: 'void java.lang.invoke.DirectMethodHandle$Holder.invokeSpecial(java.lang.Object, java.lang.Object, int)'> (0x0000000718634d98) 
thrown [s\open\src\hotspot\share\interpreter\linkResolver.cpp, line 759]
Event: 3.072 Thread 0x000002c7b882fae0 Exception <a 'java/lang/NoSuchMethodError'{0x000000071864b7d8}: 'java.lang.Object java.lang.invoke.DirectMethodHandle$Holder.newInvokeSpecial(java.lang.Object, java.lang.Object, int, java.lang.Object, java.lang.Object)'> (0x000000071864b7d8) 
thrown [s\open\src\hotspot\share\interpreter\linkResolver.cpp, line 759]
Event: 3.073 Thread 0x000002c7b882fae0 Exception <a 'java/lang/NoSuchMethodError'{0x0000000718656d50}: 'java.lang.Object java.lang.invoke.DirectMethodHandle$Holder.invokeSpecial(java.lang.Object, java.lang.Object, int, java.lang.Object, int, java.lang.Object)'> (0x0000000718656d50) 
thrown [s\open\src\hotspot\share\interpreter\linkResolver.cpp, line 759]
Event: 3.073 Thread 0x000002c7b882fae0 Exception <a 'java/lang/NoSuchMethodError'{0x000000071865eb50}: 'java.lang.Object java.lang.invoke.DirectMethodHandle$Holder.newInvokeSpecial(java.lang.Object, java.lang.Object, int, java.lang.Object, int)'> (0x000000071865eb50) 
thrown [s\open\src\hotspot\share\interpreter\linkResolver.cpp, line 759]
Event: 3.073 Thread 0x000002c7b882fae0 Exception <a 'java/lang/NoSuchMethodError'{0x0000000718662c50}: 'java.lang.Object java.lang.invoke.DirectMethodHandle$Holder.invokeSpecial(java.lang.Object, java.lang.Object, java.lang.Object, int, java.lang.Object, int)'> (0x0000000718662c50) 
thrown [s\open\src\hotspot\share\interpreter\linkResolver.cpp, line 759]
Event: 3.074 Thread 0x000002c7b882fae0 Exception <a 'java/lang/NoSuchMethodError'{0x000000071866cb58}: 'void java.lang.invoke.DirectMethodHandle$Holder.invokeVirtual(java.lang.Object, java.lang.Object)'> (0x000000071866cb58) 
thrown [s\open\src\hotspot\share\interpreter\linkResolver.cpp, line 759]

VM Operations (20 events):
Event: 2.853 Executing VM operation: G1Concurrent done
Event: 2.855 Executing VM operation: HandshakeAllThreads
Event: 2.855 Executing VM operation: HandshakeAllThreads done
Event: 2.857 Executing VM operation: HandshakeAllThreads
Event: 2.857 Executing VM operation: HandshakeAllThreads done
Event: 3.001 Executing VM operation: G1CollectForAllocation
Event: 3.003 Executing VM operation: G1CollectForAllocation done
Event: 3.031 Executing VM operation: HandshakeAllThreads
Event: 3.031 Executing VM operation: HandshakeAllThreads done
Event: 3.143 Executing VM operation: HandshakeAllThreads
Event: 3.143 Executing VM operation: HandshakeAllThreads done
Event: 3.151 Executing VM operation: HandshakeAllThreads
Event: 3.151 Executing VM operation: HandshakeAllThreads done
Event: 4.151 Executing VM operation: Cleanup
Event: 4.152 Executing VM operation: Cleanup done
Event: 6.163 Executing VM operation: Cleanup
Event: 6.163 Executing VM operation: Cleanup done
Event: 13.215 Executing VM operation: Cleanup
Event: 13.215 Executing VM operation: Cleanup done
Event: 20.909 Executing VM operation: G1CollectForAllocation

Events (20 events):
Event: 20.902 loading class java/nio/BufferOverflowException done
Event: 20.903 loading class java/nio/channels/ReadPendingException
Event: 20.903 loading class java/nio/channels/ReadPendingException done
Event: 20.903 loading class java/nio/channels/WritePendingException
Event: 20.903 loading class java/nio/channels/WritePendingException done
Event: 20.903 loading class java/nio/channels/ClosedChannelException
Event: 20.903 loading class java/nio/channels/ClosedChannelException done
Event: 20.905 loading class sun/nio/ch/SocketAdaptor
Event: 20.905 loading class sun/nio/ch/SocketAdaptor done
Event: 20.905 loading class sun/nio/ch/SocketChannelImpl$DefaultOptionsHolder
Event: 20.905 loading class sun/nio/ch/SocketChannelImpl$DefaultOptionsHolder done
Event: 20.906 loading class sun/nio/ch/SelectionKeyImpl
Event: 20.906 loading class java/nio/channels/spi/AbstractSelectionKey
Event: 20.906 loading class java/nio/channels/SelectionKey
Event: 20.906 loading class java/nio/channels/SelectionKey done
Event: 20.906 loading class java/nio/channels/spi/AbstractSelectionKey done
Event: 20.906 loading class sun/nio/ch/SelectionKeyImpl done
Event: 20.906 loading class java/lang/invoke/ConstantBootstraps
Event: 20.906 loading class java/lang/invoke/ConstantBootstraps done
Event: 20.907 Thread 0x000002c815fdab10 Thread added: 0x000002c815fdab10


Dynamic libraries:
0x00007ff743ce0000 - 0x00007ff743cf0000 	D:\program\jdk-17\bin\java.exe
0x00007ff9b4c00000 - 0x00007ff9b4e68000 	C:\WINDOWS\SYSTEM32\ntdll.dll
0x00007ff9b45a0000 - 0x00007ff9b4669000 	C:\WINDOWS\System32\KERNEL32.DLL
0x00007ff9b1d90000 - 0x00007ff9b2182000 	C:\WINDOWS\System32\KERNELBASE.dll
0x00007ff9b2250000 - 0x00007ff9b239b000 	C:\WINDOWS\System32\ucrtbase.dll
0x00007ff9a69f0000 - 0x00007ff9a6a09000 	D:\program\jdk-17\bin\jli.dll
0x00007ff9a6a10000 - 0x00007ff9a6a2b000 	D:\program\jdk-17\bin\VCRUNTIME140.dll
0x00007ff9b30e0000 - 0x00007ff9b3194000 	C:\WINDOWS\System32\ADVAPI32.dll
0x00007ff9b3e90000 - 0x00007ff9b3f39000 	C:\WINDOWS\System32\msvcrt.dll
0x00007ff9b29d0000 - 0x00007ff9b2a76000 	C:\WINDOWS\System32\sechost.dll
0x00007ff9b4aa0000 - 0x00007ff9b4bb8000 	C:\WINDOWS\System32\RPCRT4.dll
0x00007ff9b2d50000 - 0x00007ff9b2f15000 	C:\WINDOWS\System32\USER32.dll
0x00007ff9b2220000 - 0x00007ff9b2247000 	C:\WINDOWS\System32\win32u.dll
0x00007ff99e570000 - 0x00007ff99e803000 	C:\WINDOWS\WinSxS\amd64_microsoft.windows.common-controls_6595b64144ccf1df_6.0.26100.6899_none_3e0efeeae32e88c1\COMCTL32.dll
0x00007ff9b44b0000 - 0x00007ff9b44db000 	C:\WINDOWS\System32\GDI32.dll
0x00007ff9b23a0000 - 0x00007ff9b24cd000 	C:\WINDOWS\System32\gdi32full.dll
0x00007ff9b24d0000 - 0x00007ff9b2573000 	C:\WINDOWS\System32\msvcp_win.dll
0x00007ff9aa5e0000 - 0x00007ff9aa5eb000 	C:\WINDOWS\SYSTEM32\VERSION.dll
0x00007ff9b2f20000 - 0x00007ff9b2f4f000 	C:\WINDOWS\System32\IMM32.DLL
0x00007ff9aca60000 - 0x00007ff9aca6c000 	D:\program\jdk-17\bin\vcruntime140_1.dll
0x00007ff973020000 - 0x00007ff9730ae000 	D:\program\jdk-17\bin\msvcp140.dll
0x00007ff93c170000 - 0x00007ff93cd51000 	D:\program\jdk-17\bin\server\jvm.dll
0x00007ff9b46a0000 - 0x00007ff9b46a8000 	C:\WINDOWS\System32\PSAPI.DLL
0x00007ff9aa530000 - 0x00007ff9aa565000 	C:\WINDOWS\SYSTEM32\WINMM.dll
0x00007ff9aea50000 - 0x00007ff9aea5a000 	C:\WINDOWS\SYSTEM32\WSOCK32.dll
0x00007ff9b3e10000 - 0x00007ff9b3e84000 	C:\WINDOWS\System32\WS2_32.dll
0x00007ff9b0b60000 - 0x00007ff9b0b7b000 	C:\WINDOWS\SYSTEM32\kernel.appcore.dll
0x00007ff9ac910000 - 0x00007ff9ac91a000 	D:\program\jdk-17\bin\jimage.dll
0x00007ff9af590000 - 0x00007ff9af7d2000 	C:\WINDOWS\SYSTEM32\DBGHELP.DLL
0x00007ff9b46c0000 - 0x00007ff9b4a3b000 	C:\WINDOWS\System32\combase.dll
0x00007ff9b4250000 - 0x00007ff9b4327000 	C:\WINDOWS\System32\OLEAUT32.dll
0x00007ff99dbd0000 - 0x00007ff99dc0c000 	C:\WINDOWS\SYSTEM32\dbgcore.DLL
0x00007ff9b2580000 - 0x00007ff9b2618000 	C:\WINDOWS\System32\bcryptPrimitives.dll
0x00007ff9aea80000 - 0x00007ff9aea8e000 	D:\program\jdk-17\bin\instrument.dll
0x00007ff98d020000 - 0x00007ff98d045000 	D:\program\jdk-17\bin\java.dll
0x00007ff972f40000 - 0x00007ff973017000 	D:\program\jdk-17\bin\jsvml.dll
0x00007ff9b36c0000 - 0x00007ff9b3e0d000 	C:\WINDOWS\System32\SHELL32.dll
0x00007ff9b2860000 - 0x00007ff9b29cb000 	C:\WINDOWS\System32\wintypes.dll
0x00007ff9af8f0000 - 0x00007ff9b014d000 	C:\WINDOWS\SYSTEM32\windows.storage.dll
0x00007ff9b2fe0000 - 0x00007ff9b30d2000 	C:\WINDOWS\System32\SHCORE.dll
0x00007ff9b2b00000 - 0x00007ff9b2b62000 	C:\WINDOWS\System32\shlwapi.dll
0x00007ff9b1cb0000 - 0x00007ff9b1cd9000 	C:\WINDOWS\SYSTEM32\profapi.dll
0x00007ff98d000000 - 0x00007ff98d018000 	D:\program\jdk-17\bin\zip.dll
0x00007ff9a63c0000 - 0x00007ff9a63d9000 	D:\program\jdk-17\bin\net.dll
0x00007ff9aa390000 - 0x00007ff9aa4af000 	C:\WINDOWS\SYSTEM32\WINHTTP.dll
0x00007ff9b10d0000 - 0x00007ff9b113b000 	C:\WINDOWS\system32\mswsock.dll
0x00007ff9a1c90000 - 0x00007ff9a1ca6000 	D:\program\jdk-17\bin\nio.dll
0x00007ff9ac960000 - 0x00007ff9ac97a000 	D:\program\IntelliJ IDEA 2022.2.5\bin\breakgen64.dll
0x00007ff9b0710000 - 0x00007ff9b0836000 	C:\WINDOWS\SYSTEM32\DNSAPI.dll
0x00007ff9b0630000 - 0x00007ff9b0664000 	C:\WINDOWS\SYSTEM32\IPHLPAPI.DLL
0x00007ff9b46b0000 - 0x00007ff9b46ba000 	C:\WINDOWS\System32\NSI.dll
0x00007ff9a7360000 - 0x00007ff9a736b000 	C:\Windows\System32\rasadhlp.dll
0x00007ff9aad10000 - 0x00007ff9aad96000 	C:\WINDOWS\System32\fwpuclnt.dll
0x00007ff98cc50000 - 0x00007ff98cc5a000 	D:\program\jdk-17\bin\management.dll
0x00007ff98cc40000 - 0x00007ff98cc4b000 	D:\program\jdk-17\bin\management_ext.dll
0x00007ff9b1380000 - 0x00007ff9b139b000 	C:\WINDOWS\SYSTEM32\CRYPTSP.dll
0x00007ff9b0ac0000 - 0x00007ff9b0afb000 	C:\WINDOWS\system32\rsaenh.dll
0x00007ff9b1170000 - 0x00007ff9b119b000 	C:\WINDOWS\SYSTEM32\USERENV.dll
0x00007ff9b1c80000 - 0x00007ff9b1ca6000 	C:\WINDOWS\SYSTEM32\bcrypt.dll
0x00007ff9b13a0000 - 0x00007ff9b13ac000 	C:\WINDOWS\SYSTEM32\CRYPTBASE.dll
0x00007ff9aa9d0000 - 0x00007ff9aa9ee000 	C:\WINDOWS\SYSTEM32\dhcpcsvc6.DLL
0x00007ff9aa620000 - 0x00007ff9aa643000 	C:\WINDOWS\SYSTEM32\dhcpcsvc.DLL
0x00007ff98e7d0000 - 0x00007ff98e7e8000 	C:\WINDOWS\system32\napinsp.dll
0x00007ff98e7b0000 - 0x00007ff98e7c2000 	C:\WINDOWS\System32\winrnr.dll
0x00007ff98e780000 - 0x00007ff98e7a8000 	C:\WINDOWS\system32\nlansp_c.dll
0x00007ff9a6a30000 - 0x00007ff9a6a46000 	C:\WINDOWS\system32\wshbth.dll
0x00007ff98cff0000 - 0x00007ff98d000000 	D:\program\jdk-17\bin\verify.dll
0x0000000180000000 - 0x0000000180374000 	D:\program\apache-tomcat-9.0.104\bin\tcnative-1.dll
0x00007ff9b2620000 - 0x00007ff9b2797000 	C:\WINDOWS\System32\CRYPT32.dll
0x00007ff98cc30000 - 0x00007ff98cc3e000 	D:\program\jdk-17\bin\sunmscapi.dll
0x00007ff9b15a0000 - 0x00007ff9b15d0000 	C:\WINDOWS\SYSTEM32\ncrypt.dll
0x00007ff9b1550000 - 0x00007ff9b158f000 	C:\WINDOWS\SYSTEM32\NTASN1.dll
0x00007ff95cfd0000 - 0x00007ff95cfd8000 	C:\WINDOWS\system32\wshunix.dll

dbghelp: loaded successfully - version: 4.0.5 - missing functions: none
symbol engine: initialized successfully - sym options: 0x614 - pdb path: .;D:\program\jdk-17\bin;C:\WINDOWS\SYSTEM32;C:\WINDOWS\WinSxS\amd64_microsoft.windows.common-controls_6595b64144ccf1df_6.0.26100.6899_none_3e0efeeae32e88c1;D:\program\jdk-17\bin\server;D:\program\IntelliJ IDEA 2022.2.5\bin;D:\program\apache-tomcat-9.0.104\bin

VM Arguments:
jvm_args: -XX:TieredStopAtLevel=1 -Dspring.output.ansi.enabled=always -Dcom.sun.management.jmxremote -Dspring.jmx.enabled=true -Dspring.liveBeansView.mbeanDomain -Dspring.application.admin.enabled=true -javaagent:D:\program\IntelliJ IDEA 2022.2.5\lib\idea_rt.jar=51049:D:\program\IntelliJ IDEA 2022.2.5\bin -Dfile.encoding=UTF-8 
java_command: com.team.MainSpringBootApplication
java_class_path (initial): D:\GitHub_code\JavaEE_HouseWork\target\classes;D:\program\apache-maven-3.8.8\maven_repository\com\baomidou\mybatis-plus-boot-starter\3.4.3\mybatis-plus-boot-starter-3.4.3.jar;D:\program\apache-maven-3.8.8\maven_repository\com\baomidou\mybatis-plus\3.4.3\mybatis-plus-3.4.3.jar;D:\program\apache-maven-3.8.8\maven_repository\com\baomidou\mybatis-plus-extension\3.4.3\mybatis-plus-extension-3.4.3.jar;D:\program\apache-maven-3.8.8\maven_repository\com\baomidou\mybatis-plus-core\3.4.3\mybatis-plus-core-3.4.3.jar;D:\program\apache-maven-3.8.8\maven_repository\com\baomidou\mybatis-plus-annotation\3.4.3\mybatis-plus-annotation-3.4.3.jar;D:\program\apache-maven-3.8.8\maven_repository\com\github\jsqlparser\jsqlparser\4.0\jsqlparser-4.0.jar;D:\program\apache-maven-3.8.8\maven_repository\org\mybatis\mybatis\3.5.7\mybatis-3.5.7.jar;D:\program\apache-maven-3.8.8\maven_repository\org\mybatis\mybatis-spring\2.0.6\mybatis-spring-2.0.6.jar;D:\program\apache-maven-3.8.8\maven_repository\org\springframework\boot\spring-boot-autoconfigure\2.6.0\spring-boot-autoconfigure-2.6.0.jar;D:\program\apache-maven-3.8.8\maven_repository\org\springframework\boot\spring-boot\2.6.0\spring-boot-2.6.0.jar;D:\program\apache-maven-3.8.8\maven_repository\org\springframework\boot\spring-boot-starter-jdbc\2.6.0\spring-boot-starter-jdbc-2.6.0.jar;D:\program\apache-maven-3.8.8\maven_repository\com\zaxxer\HikariCP\4.0.3\HikariCP-4.0.3.jar;D:\program\apache-maven-3.8.8\maven_repository\org\springframework\spring-jdbc\5.3.13\spring-jdbc-5.3.13.jar;D:\program\apache-maven-3.8.8\maven_repository\com\alibaba\druid\1.2.27\druid-1.2.27.jar;D:\program\apache-maven-3.8.8\maven_repository\org\springframework\boot\spring-boot-starter-amqp\2.6.0\spring-boot-starter-amqp-2.6.0.jar;D:\program\apache-maven-3.8.8\maven_repository\org\springframework\boot\spring-boot-starter\2.6.0\spring-boot-starter-2.6.0.jar;D:\program\apache-maven-3.8.8\maven_repository\org\springframework\boot\spring-boot-starter
Launcher Type: SUN_STANDARD

[Global flags]
     intx CICompilerCount                          = 4                                         {product} {ergonomic}
     uint ConcGCThreads                            = 3                                         {product} {ergonomic}
     uint G1ConcRefinementThreads                  = 10                                        {product} {ergonomic}
   size_t G1HeapRegionSize                         = 2097152                                   {product} {ergonomic}
    uintx GCDrainStackTargetSize                   = 64                                        {product} {ergonomic}
   size_t InitialHeapSize                          = 255852544                                 {product} {ergonomic}
     bool ManagementServer                         = true                                      {product} {command line}
   size_t MarkStackSize                            = 4194304                                   {product} {ergonomic}
   size_t MaxHeapSize                              = 4078960640                                {product} {ergonomic}
   size_t MaxNewSize                               = 2447376384                                {product} {ergonomic}
   size_t MinHeapDeltaBytes                        = 2097152                                   {product} {ergonomic}
   size_t MinHeapSize                              = 8388608                                   {product} {ergonomic}
    uintx NonProfiledCodeHeapSize                  = 0                                      {pd product} {ergonomic}
     bool ProfileInterpreter                       = false                                  {pd product} {command line}
    uintx ProfiledCodeHeapSize                     = 0                                      {pd product} {ergonomic}
   size_t SoftMaxHeapSize                          = 4078960640                             {manageable} {ergonomic}
     intx TieredStopAtLevel                        = 1                                         {product} {command line}
     bool UseCompressedClassPointers               = true                           {product lp64_product} {ergonomic}
     bool UseCompressedOops                        = true                           {product lp64_product} {ergonomic}
     bool UseG1GC                                  = true                                      {product} {ergonomic}
     bool UseLargePagesIndividualAllocation        = false                                  {pd product} {ergonomic}

Logging:
Log output configuration:
 #0: stdout all=warning uptime,level,tags
 #1: stderr all=off uptime,level,tags

Environment Variables:
JAVA_HOME=D:\program\jdk-24
CLASSPATH=D:\program\jdk-24\lib;D:\program\jdk-24\lib\dt.jar;D:\program\jdk-24\lib\tools.jar;.
PATH=D:\program\jdk-24\bin;C:\Program Files\Common Files\Oracle\Java\javapath;D:\develop\Scripts\;D:\develop\;C:\WINDOWS\system32;C:\WINDOWS;C:\WINDOWS\System32\Wbem;C:\WINDOWS\System32\WindowsPowerShell\v1.0\;C:\WINDOWS\System32\OpenSSH\;C:\Program Files\MySQL\MySQL Server 8.0\bin;D:\program\apache-maven-3.9.9\bin;D:\program\apache-tomcat-9.0.104\bin;D:\program\;D:\program\node-v22.18.0-win-x64;D:\program\node-v22.18.0-win-x64\node_cache\;D:\program\node-v22.18.0-win-x64\node_global\;D:\program\Xshell\;D:\program\Xftp\;D:\program\Git\cmd;C:\Users\32328\AppData\Local\Microsoft\WindowsApps;D:\python\PyCharm 2024.2.1\bin;;D:\program\apache-tomcat-11.0.5\bin;C:\Users\32328\AppData\Local\Programs\Microsoft VS Code\bin;D:\program\jdk-24\bin;C:\Users\32328\AppData\Roaming\npm
USERNAME=32328
OS=Windows_NT
PROCESSOR_IDENTIFIER=AMD64 Family 25 Model 68 Stepping 1, AuthenticAMD



---------------  S Y S T E M  ---------------

OS:
 Windows 11 , 64 bit Build 26100 (10.0.26100.6725)
OS uptime: 2 days 18:20 hours

CPU: total 12 (initial active 12) (12 cores per cpu, 2 threads per core) family 25 model 68 stepping 1 microcode 0xa404101, cx8, cmov, fxsr, ht, mmx, 3dnowpref, sse, sse2, sse3, ssse3, sse4a, sse4.1, sse4.2, popcnt, lzcnt, tsc, tscinvbit, avx, avx2, aes, clmul, bmi1, bmi2, adx, sha, fma, vzeroupper, clflush, clflushopt

Memory: 4k page, system-wide physical 15556M (734M free)
TotalPageFile size 34306M (AvailPageFile size 5M)
current process WorkingSet (physical memory assigned to process): 156M, peak: 158M
current process commit charge ("private bytes"): 196M, peak: 372M

vm_info: Java HotSpot(TM) 64-Bit Server VM (17.0.15+9-LTS-241) for windows-amd64 JRE (17.0.15+9-LTS-241), built on Feb 20 2025 10:49:54 by "mach5one" with MS VC++ 17.6 (VS2022)

END.
